// Jest Snapshot v1, https://goo.gl/fbAQLP

exports[`Album Component should Album Component is render correctly 1`] = `<react-native-mock />`;
