// Jest Snapshot v1, https://goo.gl/fbAQLP

exports[`BlurImage Component should BlurImage Component is render correctly 1`] = `<react-native-mock />`;
