// Jest Snapshot v1, https://goo.gl/fbAQLP

exports[`Footer Component should Footer Component is render correctly 1`] = `
<react-native-mock>
  <react-native-mock>
     Footer Component 
  </react-native-mock>
</react-native-mock>
`;
