// Jest Snapshot v1, https://goo.gl/fbAQLP

exports[`is test work? should return 4 1`] = `4`;
