// Jest Snapshot v1, https://goo.gl/fbAQLP

exports[`Topbar Component should Topbar Component is render correctly 1`] = `
<react-native-mock>
  <react-native-mock>
    <react-native-mock />
  </react-native-mock>
</react-native-mock>
`;
