// Jest Snapshot v1, https://goo.gl/fbAQLP

exports[`Main Component renders correctly 1`] = `ShallowWrapper {}`;
